error
error
error
err